MemTotal:        4042048 kB
MemFree:         2551468 kB
MemAvailable:    3651940 kB
Buffers:           33316 kB
Cached:          1248984 kB
SwapCached:            0 kB
Active:           210556 kB
Inactive:        1181880 kB
Active(anon):     111080 kB
Inactive(anon):      660 kB
Active(file):      99476 kB
Inactive(file):  1181220 kB
Unevictable:           0 kB
Mlocked:               0 kB
SwapTotal:       1048572 kB
SwapFree:        1048572 kB
Dirty:                 0 kB
Writeback:             0 kB
AnonPages:        110216 kB
Mapped:            91028 kB
Shmem:              1536 kB
Slab:              68708 kB
SReclaimable:      49852 kB
SUnreclaim:        18856 kB
KernelStack:        5632 kB
PageTables:         1652 kB
NFS_Unstable:          0 kB
Bounce:                0 kB
WritebackTmp:          0 kB
CommitLimit:     3069596 kB
Committed_AS:     418744 kB
VmallocTotal:   34359738367 kB
VmallocUsed:           0 kB
VmallocChunk:          0 kB
AnonHugePages:         0 kB
ShmemHugePages:        0 kB
ShmemPmdMapped:        0 kB
HugePages_Total:       0
HugePages_Free:        0
HugePages_Rsvd:        0
HugePages_Surp:        0
Hugepagesize:       2048 kB
DirectMap4k:       32172 kB
DirectMap2M:     3112960 kB
DirectMap1G:     3145728 kB
